386|LIB: 7.0 -- Copyright (C) 1986-93 Phar Lap Software, Inc.
Library file - drive88.lib

Module: INTDRV   (Source module=INTDRV.FOR)
     INTDRV
     _lc_ESCAPE
     _lc_IFMASK
     _lc_ITMASK
     _lc_BTMASK
     _lc_MESG
     _lc_IOCOM
     _lc_RS88
     _lc_COLCOM

Module: PT88DR   (Source module=PT88DR.FOR)
     PT88DR
     _lc_IOCOM
     _lc_RS88

Module: CG000A   (Source module=CG000A.FOR)
     CG000A
     _lc_PRTBUF
     _lc_PWESC
     _lc_COLCOM
     _lc_MESG
     _lc_IOCOM
     _lc_RS88

Module: CG001A   (Source module=CG001A.FOR)
     CG001A
     _lc_PWESC
     _lc_PRTBUF
     _lc_IOCOM
     _lc_RS88
     _lc_MESG

Module: CG002A   (Source module=CG002A.FOR)
     CG002A
     _lc_RS88

Module: CG004A   (Source module=CG004A.FOR)
     CG004A
     _lc_RS88
     _lc_PWESC

Module: CG005A   (Source module=CG005A.FOR)
     CG005A

Module: EG000A   (Source module=EG000A.FOR)
     EG000A
     _lc_PWESC
     _lc_COLCOM
     _lc_RS88
     _lc_MESG
     _lc_IOCOM
     _lc_BTMASK

Module: EG001A   (Source module=EG001A.FOR)
     EG001A
     _lc_RS88
     _lc_IOCOM

Module: EG005A   (Source module=EG005A.FOR)
     EG005A
     _lc_RS88
     _lc_IFMASK
     _lc_BTMASK
     _lc_IOCOM

Module: EG006A   (Source module=EG006A.FOR)
     EG006A
     _lc_RS88
     _lc_BTMASK
     _lc_IOCOM

Module: DSCOL   (Source module=DSCOL.FOR)
     DSCOL
     _lc_ESCAPE

Module: EP000A   (Source module=EP000A.FOR)
     EP000A
     _lc_PWESC
     _lc_MESG
     _lc_COLCOM
     _lc_RASTER
     _lc_IOCOM
     _lc_RS88

Module: EP001A   (Source module=EP001A.FOR)
     EP001A
     _lc_RS88

Module: EP002A   (Source module=EP002A.FOR)
     EP002A
     _lc_RS88

Module: EP005A   (Source module=EP005A.FOR)
     EP005A
     _lc_ITMASK
     _lc_IFMASK
     _lc_RS88
     _lc_IOCOM

Module: EP006A   (Source module=EP006A.FOR)
     EP006A
     _lc_ITMASK
     _lc_RS88
     _lc_IOCOM

Module: EP007A   (Source module=EP007A.FOR)
     EP007A
     _lc_PRTBUF
     _lc_ESCAPE
     _lc_RS88

Module: EP008A   (Source module=EP008A.FOR)
     EP008A
     _lc_PWESC
     _lc_ESCAPE
     _lc_RS88

Module: EP009A   (Source module=EP009A.FOR)
     EP009A
     _lc_ESCAPE
     _lc_RS88

Module: EP010A   (Source module=EP010A.FOR)
     EP010A
     _lc_ESCAPE
     _lc_RS88

Module: EP011A   (Source module=EP011A.FOR)
     EP011A
     _lc_PWESC
     _lc_ESCAPE

Module: HI000A   (Source module=HI000A.FOR)
     HI000A
     _lc_PWESC
     _lc_COLCOM
     _lc_MESG
     _lc_IOCOM
     _lc_RS88

Module: HI001A   (Source module=HI001A.FOR)
     HI001A
     _lc_PWESC
     _lc_MESG
     _lc_IOCOM
     _lc_PRTBUF
     _lc_RS88

Module: HI002A   (Source module=HI002A.FOR)
     HI002A
     _lc_RS88

Module: HI004A   (Source module=HI004A.FOR)
     HI004A

Module: EX000A   (Source module=EX000A.FOR)
     EX000A
     _lc_PWESC
     _lc_COLCOM
     _lc_MESG
     _lc_IOCOM
     _lc_RS88

Module: EX001A   (Source module=EX001A.FOR)
     EX001A
     _lc_IOCOM
     _lc_PRTBUF
     _lc_RS88
     _lc_PWESC
     _lc_MESG

Module: EX002A   (Source module=EX002A.FOR)
     EX002A
     _lc_RS88

Module: EX004A   (Source module=EX004A.FOR)
     EX004A

Module: HP000A   (Source module=HP000A.FOR)
     HP000A
     _lc_PWESC
     _lc_COLCOM
     _lc_MESG
     _lc_IOCOM
     _lc_RS88

Module: HP001A   (Source module=HP001A.FOR)
     HP001A
     FIXIT
     _lc_PWESC
     _lc_MESG
     _lc_PRTBUF
     _lc_IOCOM
     _lc_RS88

Module: HP002A   (Source module=HP002A.FOR)
     HP002A
     _lc_RS88

Module: HP003A   (Source module=HP003A.FOR)
     HP003A

Module: HP004A   (Source module=HP004A.FOR)
     HP004A
     _lc_PWESC
     _lc_RS88

Module: IO000A   (Source module=IO000A.FOR)
     IO000A

Module: IO003A   (Source module=IO003A.FOR)
     IO003A
     _lc_IOCOM

Module: IO005A   (Source module=IO005A.FOR)
     IO005A

Module: IO007A   (Source module=IO007A.FOR)
     IO007A
     _lc_IOCOM

Module: IO008A   (Source module=IO008A.FOR)
     IO008A
     _lc_IOCOM

Module: IO009A   (Source module=IO009A.FOR)
     IO009A
     _lc_IOCOM

Module: IO010A   (Source module=IO010A.FOR)
     IO010A
     _lc_IOCOM

Module: IO011A   (Source module=IO011A.FOR)
     IO011A
     _lc_IOCOM

Module: LJ000A   (Source module=LJ000A.FOR)
     LJ000A
     _lc_PWESC
     _lc_MESG
     _lc_COLCOM
     _lc_RASTER
     _lc_IOCOM
     _lc_RS88

Module: LJ001A   (Source module=LJ001A.FOR)
     LJ001A
     _lc_RS88

Module: LJ002A   (Source module=LJ002A.FOR)
     LJ002A
     _lc_RS88

Module: LJ005A   (Source module=LJ005A.FOR)
     LJ005A
     _lc_ITMASK
     _lc_IFMASK
     _lc_RS88
     _lc_IOCOM

Module: LJ006A   (Source module=LJ006A.FOR)
     LJ006A
     _lc_ITMASK
     _lc_RS88
     _lc_IOCOM

Module: LJ007A   (Source module=LJ007A.FOR)
     LJ007A
     _lc_PRTBUF
     _lc_ESCAPE
     _lc_RS88

Module: LJ008A   (Source module=LJ008A.FOR)
     LJ008A
     _lc_PWESC
     _lc_ESCAPE
     _lc_RS88

Module: LJ009A   (Source module=LJ009A.FOR)
     LJ009A
     _lc_ESCAPE
     _lc_RS88

Module: LJ010A   (Source module=LJ010A.FOR)
     LJ010A
     _lc_ESCAPE
     _lc_RS88

Module: PJ005A   (Source module=PJ005A.FOR)
     PJ005A
     _lc_ITMASK
     _lc_IFMASK
     _lc_RS88
     _lc_IOCOM

Module: PJ006A   (Source module=PJ006A.FOR)
     PJ006A
     _lc_ITMASK
     _lc_RS88
     _lc_IOCOM

Module: PJCOL   (Source module=PJCOL.FOR)
     PJCOL
     _lc_ESCAPE

Module: PS000A   (Source module=PS000A.FOR)
     PS000A
     _lc_PWESC
     _lc_MESG
     _lc_PRTBUF
     _lc_COLCOM
     _lc_RASTER
     _lc_IOCOM
     _lc_RS88

Module: PS001A   (Source module=PS001A.FOR)
     PS001A
     _lc_RS88

Module: PS002A   (Source module=PS002A.FOR)
     PS002A
     _lc_RS88

Module: PS005A   (Source module=PS005A.FOR)
     PS005A
     _lc_PRTBUF
     _lc_IFMASK
     _lc_RS88
     _lc_ITMASK
     _lc_IOCOM

Module: PS007A   (Source module=PS007A.FOR)
     PS007A
     _lc_PRTBUF
     _lc_PWESC
     _lc_ESCAPE
     _lc_RS88

Module: PS008A   (Source module=PS008A.FOR)
     PS008A
     _lc_COLCOM
     _lc_RS88
     _lc_PRTBUF

Module: PS010A   (Source module=PS010A.FOR)
     PS010A
     _lc_MESG
     _lc_RS88
     _lc_PRTBUF
     _lc_COLCOM

Module: PS011A   (Source module=PS011A.FOR)
     PS011A
     _lc_RS88
     _lc_COLCOM
     _lc_PRTBUF

Module: SN000A   (Source module=SN000A.FOR)
     SN000A
     _lc_PWESC
     _lc_RS88
     _lc_IOCOM

Module: SN001A   (Source module=SN001A.FOR)
     SN001A
     _lc_RS88
     _lc_IFMASK
     _lc_BTMASK
     _lc_IOCOM

Module: SN002A   (Source module=SN002A.FOR)
     SN002A
     _lc_PWESC

Module: BAND   (Source module=BAND.FOR)
     BAND

Module: IPWNOT   (Source module=IPWNOT.FOR)
     IPWNOT

Module: ISLYNE   (Source module=ISLYNE.FOR)
     ISLYNE

Module: IHPORT   (Source module=IHPORT.FOR)
     IHPORT

Module: SWAPBT   (Source module=SWAPBT.FOR)
     SWAPBT

Module: GETBYT   (Source module=GETBYT.FOR)
     GETBYT

Module: ZEROWD   (Source module=ZEROWD.FOR)
     ZEROWD
     _lc_RS88

Module: BLNKWD   (Source module=BLNKWD.FOR)
     BLNKWD
     _lc_RS88

Module: GETSCL   (Source module=GETSCL.FOR)
     GETSCL

Module: FILBYT   (Source module=FILBYT.FOR)
     FILBYT

Module: GETERR   (Source module=GETERR.FOR)
     GETERR
     _lc_MESG

Module: GETNAM   (Source module=GETNAM.FOR)
     GETNAM
     _lc_PWNAME

Module: INQMOD   (Source module=INQMOD.FOR)
     INQMOD

Module: INQWID   (Source module=INQWID.FOR)
     INQWID

Module: OVRRID   (Source module=OVRRID.FOR)
     OVRRID

Module: OVRLIN   (Source module=OVRLIN.FOR)
     OVRLIN

Module: INQPOR   (Source module=INQPOR.FOR)
     INQPOR

Module: MESAGE   (Source module=MESAGE.FOR)
     MESAGE

Module: SETERR   (Source module=SETERR.FOR)
     SETERR
     _lc_MESG

Module: SETSTR   (Source module=SETSTR.FOR)
     SETSTR
     _lc_PT88
     _lc_MESG

Module: BIOPR   (Source module=BIOPR.ASM)
     BIOPR

Module: WAITKY   (Source module=WAITKY.ASM)
     WAITKY

Module: COMIN   (Source module=COMIN.ASM)
     COMIN

Module: OPNCOM   (Source module=OPNCOM.ASM)
     OPNCOM

Module: BIOCM   (Source module=BIOCM.ASM)
     BIOCM
