386|LIB: 6.1 -- Copyright (C) 1986-93 Phar Lap Software, Inc.
Library file - pl90.lib

Module: init   (Source module=init.asm)
     _G90TERM

Module: plots   (Source module=plots.asm)
     _CONST
     LF_PLOTS

Module: data   (Source module=data.asm)
     _SPACE
     _T
     _S
     _DISIZE
     _WDIT
     _FPSIZE
     _VF
     _WF
     _NULL

Module: setvid   (Source module=setvid.asm)
     _VDIT
     _SETVID

Module: detect   (Source module=detect.asm)
     _AUTODT
     _ENVIR

Module: vesa   (Source module=vesa.asm)
     _VSET
     _VMODE
     _VVALID
     _ISVESA

Module: vga   (Source module=vga.asm)
     _VGETP
     _VSETP
     _VCLR
     _VCHAR
     _VLINE
     _VINIT

Module: bank   (Source module=bank.asm)
     _B
     _RWDEC
     _RWINC
     _RWBANK
     _WBANK
     _RBANK

Module: plot   (Source module=plot.asm)
     LF_PLOT

Module: clip   (Source module=clip.asm)
     _C
     _SUBCLP

Module: ega   (Source module=ega.asm)
     _EINIT

Module: v256   (Source module=v256.asm)
     _CCLR
     _CLINE
     _INIT256

Module: fill   (Source module=fill.asm)
     _FILL_
     LF_FILL

Module: circle   (Source module=circle.asm)
     _CIRC_
     LF_CIRCLE

Module: gtext   (Source module=gtext.asm)
     LF_GTEXT2
     LF_GTEXT

Module: text   (Source module=text.asm)
     _GTINFO
     _BTINFO

Module: newpen   (Source module=newpen.asm)
     LF_NEWPEN

Module: factor   (Source module=factor.asm)
     LF_FACTOR

Module: where   (Source module=where.asm)
     LF_WHERE

Module: keys   (Source module=keys.asm)
     LF_IXKEY
     LF_ISKEY

Module: setpix   (Source module=setpix.asm)
     ISETPX
     LF_SETPIX

Module: getpix   (Source module=getpix.asm)
     IGETPX
     LF_GETPIX

Module: svga   (Source module=svga.asm)
     _SGETP
     _SSETP
     _SCLR
     _SCHAR
     _SLINE
     _SINIT

Module: grinfo   (Source module=grinfo.asm)
     LF_GRINFO
