386|LIB: 7.0 -- Copyright (C) 1986-93 Phar Lap Software, Inc.
Library file - PLOT88.lib

Module: ang3D   (Source module=ANG3D.FOR)
     ANG3D
     _lc_ZMESHC

Module: ASPECT   (Source module=ASPECT.FOR)
     ASPECT
     _lc_PT88
     _lc_IOCOM

Module: AXIS   (Source module=AXIS.FOR)
     AXIS
     _lc_ZMESHC
     _lc_SYMCOM
     _lc_PT88
     _lc_AXSCOM

Module: AXIS3D   (Source module=AXIS3D.FOR)
     AXIS3D
     _lc_ZMESHC
     _lc_SYMCOM
     _lc_PT88
     _lc_AXSCOM

Module: CHPATH   (Source module=CHPATH.FOR)
     CHPATH
     _lc_SYMCOM

Module: COLOR   (Source module=COLOR.FOR)
     COLOR
     _lc_MESG
     _lc_PT88

Module: COMBLK   (Source module=COMBLK.FOR)
     COMBLKX
     COMBLK
     _lc_COMCOM

Module: COMPLX   (Source module=COMPLX.FOR)
     COMPLX
     _lc_COMCOM
     _lc_SYMCOM
     _lc_PT88

Module: CURVE   (Source module=CURVE.FOR)
     CURVE

Module: DFESCP   (Source module=DFESCP.FOR)
     DFESCP
     _lc_MESG
     _lc_PWESC
     _lc_PT88

Module: DFFILL   (Source module=DFFILL.FOR)
     DFFILL
     _lc_MESG
     _lc_CFILL

Module: DGRID   (Source module=DGRID.FOR)
     DGRID
     GTNOD
     ZDBMS
     ZEXTR
     _lc_MESG
     _lc_ZKGPTR

Module: DISP3D   (Source module=DISP3D.FOR)
     DISP3D
     _lc_ZMESHC

Module: DUPBLK   (Source module=DUPBLK.FOR)
     DUPBLKX
     DUPBLK
     _lc_DUPCOM

Module: DUPLX   (Source module=DUPLX.FOR)
     DUPLX
     _lc_DUPCOM
     _lc_SYMCOM
     _lc_PT88

Module: FACTOR   (Source module=FACTOR.FOR)
     FACTOR
     _lc_PT88

Module: FILL   (Source module=FILL.FOR)
     FILL
     _lc_MESG
     _lc_CFILL
     _lc_PT88
     _lc_IOCOM

Module: FIT3D   (Source module=FIT3D.FOR)
     FIT3D
     _lc_MESG
     _lc_ZMESHC
     _lc_PT88
     _lc_IOCOM

Module: FONT   (Source module=FONT.FOR)
     FONT
     _lc_MESG
     _lc_PT88

Module: GETNUM   (Source module=GETNUM.FOR)
     GETNUM

Module: GETWID   (Source module=GETWID.FOR)
     GETWID
     _lc_MESG
     _lc_SYMCOM
     _lc_PT88

Module: GRKBLK   (Source module=GRKBLK.FOR)
     GRKBLKX
     GRKBLK
     _lc_GRKCOM

Module: GRKPLX   (Source module=GRKPLX.FOR)
     GRKPLX
     _lc_GRKCOM
     _lc_SYMCOM
     _lc_PT88

Module: GTMESH   (Source module=GTMESH.FOR)
     GTMESH
     _lc_ZMESHC

Module: IBMBLK   (Source module=IBMBLK.FOR)
     IBMBLKX
     IBMBLK
     _lc_IBMCOM

Module: IBMPLX   (Source module=IBMPLX.FOR)
     IBMPLX
     _lc_IBMCOM
     _lc_SYMCOM
     _lc_PT88

Module: INMESH   (Source module=INMESH.FOR)
     INMESH
     _lc_ZMESHC

Module: IO001A   (Source module=IO001A.FOR)
     IO001A

Module: IO002A   (Source module=IO002A.FOR)
     IO002A
     _lc_IOCOM

Module: IO004A   (Source module=IO004A.FOR)
     IO004A

Module: IO006A   (Source module=IO006A.FOR)
     IO006A
     _lc_PWNAME
     _lc_IOCOM

Module: LGAXS   (Source module=LGAXS.FOR)
     LGAXS
     _lc_ZMESHC
     _lc_MESG
     _lc_SYMCOM
     _lc_AXSCOM
     _lc_PT88

Module: LGLIN   (Source module=LGLIN.FOR)
     LGLIN
     _lc_LINCOM
     _lc_ZMESHC
     _lc_MESG
     _lc_PT88

Module: LINE   (Source module=LINE.FOR)
     LINE
     _lc_ZMESHC
     _lc_LINCOM

Module: LINE3D   (Source module=LINE3D.FOR)
     LINE3D
     _lc_ZMESHO
     _lc_ZMESHC

Module: MESH   (Source module=MESH.FOR)
     MESH

Module: MESHCI   (Source module=MESHCI.FOR)
     MESHCI
     _lc_ZMESHC

Module: MESHS   (Source module=MESHS.FOR)
     MESHS

Module: MLOT   (Source module=MLOT.FOR)
     MLOT
     _lc_ZMESHO
     _lc_ZMESHC

Module: MSQUAL   (Source module=MSQUAL.FOR)
     MSQUAL
     _lc_PT88

Module: msHCOL   (Source module=MSHCOL.FOR)
     MSHCOL
     _lc_MESG
     _lc_ZMESHO
     _lc_ZMESHC

Module: NEWPEN   (Source module=NEWPEN.FOR)
     NEWPEN
     _lc_PT88

Module: NUMBER   (Source module=NUMBER.FOR)
     NUMBER
     _lc_ZMESHC

Module: OFFSET   (Source module=OFFSET.FOR)
     OFFSET
     _lc_PT88
     _lc_IOCOM

Module: PALETE   (Source module=PALETE.FOR)
     PALETE
     _lc_MESG
     _lc_COLCOM
     _lc_PT88

Module: P3D2D   (Source module=P3D2D.FOR)
     P3D2D
     _lc_ZMESHC

Module: PLOT   (Source module=PLOT.FOR)
     PLOT
     _lc_PWESC
     _lc_COLCOM
     _lc_MESG
     _lc_IOCOM
     _lc_PT88

Module: PLOTD   (Source module=PLOTD.FOR)
     PLOTD
     _lc_ZMESHC
     _lc_DSHCOM

Module: PLOTS   (Source module=PLOTS.FOR)
     PLOTS
     _lc_UPLB
     _lc_LINCOM
     _lc_PWESC
     _lc_MESG
     _lc_COLCOM
     _lc_SYMCOM
     _lc_ZMESHC
     _lc_VCCOM
     _lc_CFILL
     _lc_AXSCOM
     _lc_DSHCOM
     _lc_IOCOM
     _lc_PT88

Module: ro3D2D   (Source module=RO3D2D.FOR)
     RO3D2D
     _lc_ZMESHC

Module: SCAL3D   (Source module=SCAL3D.FOR)
     SCAL3D
     _lc_MESG
     _lc_ZMESHC
     _lc_IOCOM

Module: SCALE   (Source module=SCALE.FOR)
     SCALE

Module: SCALG   (Source module=SCALG.FOR)
     SCALG
     _lc_MESG

Module: SCRBLK   (Source module=SCRBLK.FOR)
     SCRBLKX
     SCRBLK
     _lc_SCRCOM

Module: SCRPLX   (Source module=SCRPLX.FOR)
     SCRPLX
     _lc_SCRCOM
     _lc_SYMCOM
     _lc_PT88

Module: SIMBLK   (Source module=SIMBLK.FOR)
     SIMBLKX
     SIMBLK
     _lc_SIMCOM

Module: SIMPLX   (Source module=SIMPLX.FOR)
     SIMPLX
     _lc_SIMCOM
     _lc_SYMCOM
     _lc_PT88

Module: STAXIS   (Source module=STAXIS.FOR)
     STAXIS
     _lc_AXSCOM

Module: STDASH   (Source module=STDASH.FOR)
     STDASH
     _lc_DSHCOM

Module: STFILL   (Source module=STFILL.FOR)
     STFILL
     _lc_MESG
     _lc_CFILL

Module: STLINE   (Source module=STLINE.FOR)
     STLINE
     _lc_LINCOM

Module: STMESH   (Source module=STMESH.FOR)
     STMESH
     _lc_ZMESHC

Module: SYMBOL   (Source module=SYMBOL.FOR)
     SYMBOL
     _lc_MESG
     _lc_ZMESHC
     _lc_SYMCOM
     _lc_PT88
     _lc_IOCOM

Module: SYORNT   (Source module=SYORNT.FOR)
     SYORNT
     _lc_ZMESHC

Module: TRIBLK   (Source module=TRIBLK.FOR)
     TRIBLKX
     TRIBLK
     _lc_TRICOM

Module: TRIPLX   (Source module=TRIPLX.FOR)
     TRIPLX
     _lc_TRICOM
     _lc_SYMCOM
     _lc_PT88

Module: UPLAB   (Source module=UPLAB.FOR)
     UPLAB
     _lc_UPLB

Module: VC000A   (Source module=VC000A.FOR)
     VC000A
     _lc_PT88
     _lc_IOCOM

Module: VC001A   (Source module=VC001A.FOR)
     VC001A
     _lc_VCCOM
     _lc_IOCOM
     _lc_PT88

Module: VC002A   (Source module=VC002A.FOR)
     VC002A

Module: VC003A   (Source module=VC003A.FOR)
     VC003A

Module: VC004A   (Source module=VC004A.FOR)
     VC004A
     _lc_IOCOM
     _lc_PT88

Module: VISP3D   (Source module=VISP3D.FOR)
     VISP3D
     _lc_ZMESHO
     _lc_ZMESHC

Module: WHERE   (Source module=WHERE.FOR)
     WHERE
     _lc_PT88

Module: WINDOW   (Source module=WINDOW.FOR)
     WINDOW
     _lc_MESG
     _lc_PT88

Module: ZBOX   (Source module=ZBOX.FOR)
     ZBOX
     _lc_ZMESHC

Module: ZC001A   (Source module=ZC001A.FOR)
     ZC001A
     _lc_ZMESHC

Module: ZC002A   (Source module=ZC002A.FOR)
     ZC002A

Module: ZC003A   (Source module=ZC003A.FOR)
     ZC003A

Module: ZC004A   (Source module=ZC004A.FOR)
     ZC004A
     _lc_PT88

Module: ZCMESH   (Source module=ZCMESH.FOR)
     ZCMESH
     _lc_ZMDOUX
     _lc_MESG
     _lc_ZMESHC

Module: ZCNTUR   (Source module=ZCNTUR.FOR)
     ZCNTUR
     _lc_ZMESHC
     _lc_ZWORK
     _lc_UPLB
     _lc_PT88

Module: ZCSEG   (Source module=ZCSEG.FOR)
     ZCSEG
     _lc_ZMDOUX

Module: ZLEVEL   (Source module=ZLEVEL.FOR)
     ZLEVEL

Module: ZMESHL   (Source module=ZMESHL.FOR)
     ZMESHL
     _lc_ZMESHO
     _lc_ZMESHC

Module: ZPMESH   (Source module=ZPMESH.FOR)
     ZPMESH
     _lc_MESG
     _lc_ZMESHC
     _lc_PT88
     _lc_IOCOM

Module: ZPOST   (Source module=ZPOST.FOR)
     ZPOST
     _lc_ZMESHC

Module: ZSIDE   (Source module=ZSIDE.FOR)
     ZSIDE

Module: ZSMESH   (Source module=ZSMESH.FOR)
     ZSMESH
     _lc_ZMESHC

Module: ZSMTH   (Source module=ZSMTH.FOR)
     ZSMTH

Module: ZTRIM   (Source module=ZTRIM.FOR)
     ZTRIM

Module: ZGRID   (Source module=ZGRID.FOR)
     ZGRID
     _lc_MESG

Module: CG0ESC   (Source module=CG0ESC.FOR)
     CG0ESC

Module: HP0ESC   (Source module=HP0ESC.FOR)
     HP0ESC

Module: HP1ESC   (Source module=HP1ESC.FOR)
     HP1ESC

Module: HP2ESC   (Source module=HP2ESC.FOR)
     HP2ESC

Module: HP3ESC   (Source module=HP3ESC.FOR)
     HP3ESC

Module: HP4ESC   (Source module=HP4ESC.FOR)
     HP4ESC

Module: HP5ESC   (Source module=HP5ESC.FOR)
     HP5ESC

Module: HP6ESC   (Source module=HP6ESC.FOR)
     HP6ESC

Module: HP7ESC   (Source module=HP7ESC.FOR)
     HP7ESC

Module: HI0ESC   (Source module=HI0ESC.FOR)
     HI0ESC

Module: HI1ESC   (Source module=HI1ESC.FOR)
     HI1ESC

Module: EP0ESC   (Source module=EP0ESC.FOR)
     EP0ESC

Module: EP1ESC   (Source module=EP1ESC.FOR)
     EP1ESC

Module: EP2ESC   (Source module=EP2ESC.FOR)
     EP2ESC

Module: EP3ESC   (Source module=EP3ESC.FOR)
     EP3ESC

Module: LJ0ESC   (Source module=LJ0ESC.FOR)
     LJ0ESC

Module: LJ1ESC   (Source module=LJ1ESC.FOR)
     LJ1ESC

Module: LJ2ESC   (Source module=LJ2ESC.FOR)
     LJ2ESC

Module: LJ3ESC   (Source module=LJ3ESC.FOR)
     LJ3ESC

Module: EG0ESC   (Source module=EG0ESC.FOR)
     EG0ESC

Module: EG1ESC   (Source module=EG1ESC.FOR)
     EG1ESC

Module: EG2ESC   (Source module=EG2ESC.FOR)
     EG2ESC

Module: EG3ESC   (Source module=EG3ESC.FOR)
     EG3ESC

Module: YCMESH   (Source module=YCMESH.FOR)
     YCMESH
     _lc_ZMESHC

Module: YMESHL   (Source module=YMESHL.FOR)
     YMESHL
     _lc_ZMESHO
     _lc_ZMESHC

Module: MESH4   (Source module=MESH4.FOR)
     MESH4

Module: ROTTRN   (Source module=ROTTRN.FOR)
     ROTTRN
     _lc_PT88

Module: WINORG   (Source module=WINORG.FOR)
     WINORG
     _lc_PT88
